=== A · disenar el estimulo que rompe la degeneracion ===

  Referencia (APRBS de libreria):
    |Delta f| = 0.02229   imitable = 71.4%   RESIDUO = 0.01192
    amplitud media: P=0.811  Q=0.607  (presupuesto igualado para todos los candidatos)

  Objetivo: FRACCION (con |Delta f| >= 0.02229)
  Punto de partida (APRBS discretizado en 24 tramos): residuo = 0.00540, imitable = 83.3%

   iter    residuo       |Df|   imitable    E_max
      0    0.01110    0.02293      76.6%    0.777
      5    0.01517    0.02963      73.8%    0.784
     10    0.01348    0.02580      72.7%    0.785
     15    0.01477    0.02654      69.0%    0.784
     20    0.01477    0.02654      69.0%    0.784
     25    0.01455    0.02566      67.8%    0.776
     30    0.01488    0.02498      64.5%    0.707
     35    0.01488    0.02498      64.5%    0.707
     40    0.01442    0.02395      63.8%    0.708
     45    0.01432    0.02333      62.3%    0.720
     50    0.01432    0.02313      61.7%    0.728
     55    0.01447    0.02306      60.6%    0.750
     59    0.01447    0.02306      60.6%    0.750

=== RESULTADO ===
                           |Delta f|    imitable     RESIDUO
  APRBS de libreria          0.02229       71.4%     0.01192
  estimulo DISENADO          0.02324       59.5%     0.01479

  Mejora del residuo (a IGUAL amplitud media): +24.1%
  Fraccion imitable: 71.4% -> 59.5%

  -> results/uncertainty/a_stimulus_design_fraccion.json
