23:51 18 corridas en cola
00:56 arranca e11_K400f16_wrm_n05
01:14 arranca e11_K400f16_wrm_n01
02:08 arranca e11_H400_wrm_n05
02:48 arranca e11_H400_wrm_n01
03:08 arranca e11_K400_wrm_n05
03:11 arranca e11_K400_wrm_n01
03:51 arranca e11_K400wd4_wrm_n05
04:34 arranca e11_K400wd4_wrm_n01
05:16 arranca e11_K400wd3_wrm_n05
05:18 arranca e11_K400wd3_wrm_n01
05:58 arranca e11_H100_wrm_n05
06:39 arranca e11_H100_wrm_n01
12:38 arranca e11_e2B_wrm_n05
12:43 arranca e11_e2B_wrm_n01
12:47 arranca e11_B100_wrm_n05
13:20 arranca e11_B100_wrm_n01
13:40 arranca e11_B100_cero_n05
13:44 arranca e11_B100_cero_n01
14:42 lote completo
