18:51 29 corridas en cola
  reanudada e13_B400_wrm_n05 (35868)
19:01 reanuda e13_B400_wrm_n05
19:24 arranca e13_B400_n05
19:26 arranca e13_H100_n05
20:21 arranca e13_e2B_n05
21:04 arranca e13_B100_n05
21:46 arranca e13_e1S2_n05
22:24 arranca e13_e2wb
22:47 arranca e13_e1wb
23:04 arranca e13_lag_wrm
23:05 arranca e13_K400f16_wrm
23:30 arranca e13_K400f8_wrm
01:49 arranca e13_K400_wrm
02:26 arranca e13_H400_wrm
02:57 arranca e13_B400_wrm
04:58 arranca e13_H100_wrm
05:02 arranca e13_e2B_wrm
08:13 arranca e13_B100_wrm
08:21 arranca e13_lag
08:51 arranca e13_K400f16
09:39 arranca e13_K400f8
19:54 arranca e13_K400
21:14 arranca e13_H400
22:14 arranca e13_B400
23:25 arranca e13_H100
23:54 arranca e13_e2B
00:59 arranca e13_B100
01:13 arranca e13_e1S2
02:09 arranca e13_e1S_cero_n01
02:09 arranca e13_e1S_cero_n05
02:13 arranca e13_e1S_cero
03:05 lote completo
