04:17 49 corridas en cola
04:49 arranca e13_e2wb_n05
04:58 arranca e13_e1wb_n05
05:42 arranca e13_lag_wrm_n01
05:47 arranca e13_K400f16_wrm_n01
05:51 arranca e13_K400f8_wrm_n01
06:52 arranca e13_K400_wrm_n01
08:43 arranca e13_H400_wrm_n01
09:47 arranca e13_B400_wrm_n01
09:48 arranca e13_H100_wrm_n01
10:40 arranca e13_e2B_wrm_n01
11:35 arranca e13_B100_wrm_n01
11:51 arranca e13_lag_wrm_n05
12:12 arranca e13_K400f16_wrm_n05
13:02 arranca e13_K400f8_wrm_n05
14:01 arranca e13_K400_wrm_n05
14:31 arranca e13_H400_wrm_n05
15:50 arranca e13_B400_wrm_n05
16:54 arranca e13_H100_wrm_n05
17:49 arranca e13_e2B_wrm_n05
17:51 arranca e13_B100_wrm_n05
