=== escalado · e13_lag_wrm_n01 · lag · act1_amp_n01 · W=100 · epochs=1500 ===
C:\Users\User\Desktop\wilson-cowan-id\src\neural_ode\memory.py:124: UserWarning: Converting a tensor with requires_grad=True to a scalar may lead to unexpected behavior.
Consider using tensor.detach() first. (Triggered internally at C:\actions-runner\_work\pytorch\pytorch\torch\csrc\autograd\generated\python_variable_methods.cpp:839.)
  alpha = float(torch.clamp(self.raw_alpha, 1e-3, 10.0))
    ep     0 | data=2.542e-04 | err_max= 59.91% tau=0.445 sat=12.500 alpha=0.080
    ep    99 | val=  2.95%
    ep   199 | val=  2.65%
    ep   250 | data=4.070e-05 | err_max= 22.58% tau=0.886 sat=1000.000 alpha=0.001
    ep   299 | val=  2.52%
    ep   399 | val=  2.42%
    ep   499 | val=  2.36%
    ep   500 | data=3.647e-05 | err_max= 18.10% tau=0.911 sat=1000.000 alpha=0.001
    ep   599 | val=  2.32%
    ep   699 | val=  2.31%
    ep   750 | data=3.562e-05 | err_max= 16.27% tau=0.919 sat=1000.000 alpha=0.001
    ep   799 | val=  2.30%
    ep   899 | val=  2.29%
    ep   999 | val=  2.29%
    ep  1000 | data=3.554e-05 | err_max= 15.70% tau=0.922 sat=1000.000 alpha=0.001
    ep  1099 | val=  2.30%
    ep  1199 | val=  2.29%
    ep  1250 | data=3.554e-05 | err_max= 15.57% tau=0.923 sat=1000.000 alpha=0.001
    ep  1299 | val=  2.31%
    ep  1399 | val=  2.29%
    ep  1499 | data=3.651e-05 | err_max= 15.46% tau=0.922 sat=1000.000 alpha=0.001
    ep  1499 | val=  2.31%

  RESULTADO e13_lag_wrm_n01: NRMSE_test=3.79% (I=4.78 E=2.80) R2df=0.931 err_param=7.88% [178.8 min]
  -> results\escalado\e13_lag_wrm_n01.json
