=== escalado · e13_H100_n05 · H · act1_amp_n05 · W=100 · epochs=1500 ===
    ep     0 | data=9.579e-03 | err_max= 84.86% 
    ep    99 | val= 11.49%
    ep   199 | val=  8.76%
    ep   250 | data=1.440e-03 | err_max= 91.59% 
    ep   299 | val=  7.56%
    ep   399 | val=  7.52%
    ep   499 | val=  7.63%
    ep   500 | data=8.459e-04 | err_max= 94.61% 
    ep   599 | val=  6.67%
    ep   699 | val=  8.05%
    ep   750 | data=8.285e-04 | err_max= 96.31% 
    ep   799 | val=  6.73%
    ep   899 | val=  6.47%
    ep   999 | val=  6.47%
    ep  1000 | data=6.773e-04 | err_max= 97.12% 
    ep  1099 | val=  8.31%
    ep  1199 | val=  6.55%
    ep  1250 | data=6.636e-04 | err_max= 97.61% 
    ep  1299 | val=  6.40%
    ep  1399 | val=  6.38%
    ep  1499 | data=6.208e-04 | err_max= 97.94% 
    ep  1499 | val=  6.67%

  RESULTADO e13_H100_n05: NRMSE_test=9.71% (I=10.50 E=8.93) R2df=0.307 err_param=29.72% [96.0 min]
  -> results\escalado\e13_H100_n05.json
