=== escalado · e13_e1wb · whitebox · refrac1_amp · W=100 · epochs=1500 ===
    ep     0 | data=6.379e-03 | err_max= 83.88% 
    ep    99 | val= 25.19%
    ep   199 | val=  3.32%
    ep   250 | data=6.914e-05 | err_max= 57.23% 
    ep   299 | val=  2.80%
    ep   399 | val=  2.60%
    ep   499 | val=  2.49%
    ep   500 | data=3.366e-05 | err_max= 69.72% 
    ep   599 | val=  2.40%
    ep   699 | val=  2.33%
    ep   750 | data=2.839e-05 | err_max= 65.07% 
    ep   799 | val=  2.29%
    ep   899 | val=  2.27%
    ep   999 | val=  2.28%
    ep  1000 | data=2.754e-05 | err_max= 59.74% 
    ep  1099 | val=  2.31%
    ep  1199 | val=  2.31%
    ep  1250 | data=2.758e-05 | err_max= 56.64% 
    ep  1299 | val=  2.34%
    ep  1399 | val=  2.32%
    ep  1499 | data=2.740e-05 | err_max= 55.59% 
    ep  1499 | val=  2.36%

  RESULTADO e13_e1wb: NRMSE_test=4.23% (I=3.99 E=4.46) R2df=-0.174 err_param=8.70% [41.5 min]
  -> results\escalado\e13_e1wb.json
