=== escalado · e13_K400_wrm_n01 · K · act1_amp_n01 · W=100 · epochs=1500 ===
    ep     0 | data=4.604e-04 | err_max= 59.91% 
    ep    99 | val=  5.19%
    ep   199 | val=  5.91%
    ep   250 | data=1.332e-04 | err_max= 55.32% 
    ep   299 | val=  4.44%
    ep   399 | val=  4.15%
    ep   499 | val=  5.52%
    ep   500 | data=1.297e-04 | err_max= 54.04% 
    ep   599 | val=  5.39%
    ep   699 | val=  4.01%
    ep   750 | data=8.422e-05 | err_max= 49.12% 
    ep   799 | val=  4.40%
    ep   899 | val=  4.35%
    ep   999 | val=  4.77%
    ep  1000 | data=6.897e-05 | err_max= 48.47% 
    ep  1099 | val=  4.47%
    ep  1199 | val=  4.37%
    ep  1250 | data=5.865e-05 | err_max= 48.44% 
    ep  1299 | val=  4.51%
    ep  1399 | val=  4.39%
    ep  1499 | data=6.240e-05 | err_max= 48.78% 
    ep  1499 | val=  4.49%

  RESULTADO e13_K400_wrm_n01: NRMSE_test=6.10% (I=6.62 E=5.59) R2df=-0.063 err_param=25.22% [226.5 min]
  -> results\escalado\e13_K400_wrm_n01.json
