=== escalado · e13_K400f8_n05 · K · act1_amp_n05 · W=100 · epochs=1500 ===
    ep     0 | data=9.579e-03 | err_max= 84.86% 
    ep    99 | val= 11.47%
    ep   199 | val=  9.21%
    ep   250 | data=9.637e-04 | err_max= 85.45% 
    ep   299 | val=  7.91%
    ep   399 | val=  7.51%
    ep   499 | val=  7.64%
    ep   500 | data=7.395e-04 | err_max= 86.99% 
    ep   599 | val=  7.59%
    ep   699 | val=  7.74%
    ep   750 | data=8.883e-04 | err_max= 89.49% 
    ep   799 | val=  7.47%
    ep   899 | val=  7.36%
    ep   999 | val=  7.79%
    ep  1000 | data=6.433e-04 | err_max= 90.73% 
    ep  1099 | val=  7.35%
    ep  1199 | val=  7.26%
    ep  1250 | data=6.190e-04 | err_max= 92.07% 
    ep  1299 | val=  7.40%
    ep  1399 | val=  7.17%
    ep  1499 | data=5.699e-04 | err_max= 93.16% 
    ep  1499 | val=  7.20%

  RESULTADO e13_K400f8_n05: NRMSE_test=8.79% (I=9.43 E=8.15) R2df=-0.100 err_param=22.17% [222.1 min]
  -> results\escalado\e13_K400f8_n05.json
