=== escalado · e13_B400_wrm · B · refrac1_amp · W=400 · epochs=1500 ===
    ep     0 | data=8.614e-05 | err_max= 58.10% g_rms=0.0000 redund=nan
    ep    99 | val=  1.39%
    ep   199 | val=  0.68%
    ep   250 | data=4.324e-06 | err_max= 27.66% g_rms=0.0114 redund=nan
    ep   299 | val=  0.56%
    ep   399 | val=  0.51%
    ep   499 | val=  0.49%
    ep   500 | data=3.452e-06 | err_max= 16.83% g_rms=0.0116 redund=nan
    ep   599 | val=  0.49%
    ep   699 | val=  0.58%
    ep   750 | data=1.120e-05 | err_max= 14.87% g_rms=0.0119 redund=nan
    ep   799 | val=  0.50%
    ep   899 | val=  0.48%
    ep   999 | val=  0.48%
    ep  1000 | data=4.851e-06 | err_max= 13.87% g_rms=0.0115 redund=nan
    ep  1099 | val=  0.53%
    ep  1199 | val=  0.60%
    ep  1250 | data=3.037e-06 | err_max= 13.13% g_rms=0.0116 redund=nan
    ep  1299 | val=  0.48%
    ep  1399 | val=  0.54%
    ep  1499 | data=1.038e-05 | err_max= 11.99% g_rms=0.0117 redund=nan
    ep  1499 | val=  0.51%

  RESULTADO e13_B400_wrm: NRMSE_test=0.73% (I=0.78 E=0.69) R2df=0.789 err_param=2.68% [352.8 min]
  -> results\escalado\e13_B400_wrm.json
