=== escalado · e13_e2B · B · act1_amp · W=100 · epochs=1500 ===
    ep     0 | data=9.238e-03 | err_max= 84.86% g_rms=0.0000 redund=nan
    ep    99 | val= 42.60%
    ep   199 | val= 15.36%
    ep   250 | data=7.260e-04 | err_max= 79.14% g_rms=0.0330 redund=nan
    ep   299 | val= 14.67%
    ep   399 | val= 14.00%
    ep   499 | val= 13.78%
    ep   500 | data=6.177e-04 | err_max= 86.04% g_rms=0.0296 redund=nan
    ep   599 | val= 13.18%
    ep   699 | val= 12.41%
    ep   750 | data=5.839e-04 | err_max= 80.05% g_rms=0.0236 redund=nan
    ep   799 | val= 10.28%
    ep   899 | val=  8.98%
    ep   999 | val=  8.52%
    ep  1000 | data=4.236e-04 | err_max= 71.73% g_rms=0.0165 redund=nan
    ep  1099 | val=  8.52%
    ep  1199 | val=  8.39%
    ep  1250 | data=4.054e-04 | err_max= 80.91% g_rms=0.0126 redund=nan
    ep  1299 | val=  8.25%
    ep  1399 | val=  8.15%
    ep  1499 | data=3.990e-04 | err_max= 88.00% g_rms=0.0117 redund=nan
    ep  1499 | val=  8.03%

  RESULTADO e13_e2B: NRMSE_test=10.51% (I=9.72 E=11.30) R2df=-0.268 err_param=27.27% [77.7 min]
  -> results\escalado\e13_e2B.json
