=== escalado · e13_B400_wrm_n05 · B · refrac1_amp_n05 · W=400 · epochs=1500 ===
    ep     0 | data=5.745e-04 | err_max= 10.15% g_rms=0.0000 redund=nan
    ep    99 | val=  5.47%
    ep   199 | val=  5.39%
    ep   250 | data=5.080e-04 | err_max=  9.87% g_rms=0.0087 redund=nan
    ep   299 | val=  5.39%
    ep   399 | val=  5.39%
    ep   499 | val=  5.39%
    ep   500 | data=5.070e-04 | err_max= 15.54% g_rms=0.0095 redund=nan
    ep   599 | val=  5.39%
    ep   699 | val=  5.40%
    ep   750 | data=5.065e-04 | err_max= 19.49% g_rms=0.0095 redund=nan
    ep   799 | val=  5.40%
    ep   899 | val=  5.40%
    ep   999 | val=  5.40%
    ep  1000 | data=5.061e-04 | err_max= 20.92% g_rms=0.0095 redund=nan
    ep  1099 | val=  5.40%
    ep  1199 | val=  5.40%
    ep  1250 | data=5.057e-04 | err_max= 21.11% g_rms=0.0094 redund=nan
    ep  1299 | val=  5.40%
    ep  1399 | val=  5.40%
    ep  1499 | data=5.230e-04 | err_max= 21.79% g_rms=0.0085 redund=nan
    ep  1499 | val=  5.46%

  RESULTADO e13_B400_wrm_n05: NRMSE_test=7.13% (I=8.34 E=5.92) R2df=0.810 err_param=6.07% [270.0 min]
  -> results\escalado\e13_B400_wrm_n05.json
