=== escalado · e13_H400_n05 · H · act1_amp_n05 · W=100 · epochs=1500 ===
    ep     0 | data=9.579e-03 | err_max= 84.86% 
    ep    99 | val= 18.89%
    ep   199 | val=  9.48%
    ep   250 | data=9.404e-04 | err_max= 85.57% 
    ep   299 | val= 12.03%
    ep   399 | val=  9.02%
    ep   499 | val=  8.50%
    ep   500 | data=6.593e-04 | err_max= 85.70% 
    ep   599 | val= 10.79%
    ep   699 | val=  8.45%
    ep   750 | data=6.015e-04 | err_max= 86.33% 
    ep   799 | val=  8.19%
    ep   899 | val=  8.29%
    ep   999 | val=  8.21%
    ep  1000 | data=5.679e-04 | err_max= 88.80% 
    ep  1099 | val=  8.21%
    ep  1199 | val=  8.23%
    ep  1250 | data=5.599e-04 | err_max= 90.77% 
    ep  1299 | val=  9.03%
    ep  1399 | val=  8.16%
    ep  1499 | data=5.772e-04 | err_max= 92.73% 
    ep  1499 | val=  9.33%

  RESULTADO e13_H400_n05: NRMSE_test=9.90% (I=10.38 E=9.42) R2df=0.184 err_param=25.12% [169.6 min]
  -> results\escalado\e13_H400_n05.json
