=== escalado · e13_e1wb_n05 · whitebox · refrac1_amp_n05 · W=100 · epochs=1500 ===
    ep     0 | data=6.722e-03 | err_max= 83.88% 
    ep    99 | val= 11.89%
    ep   199 | val=  6.08%
    ep   250 | data=6.405e-04 | err_max= 38.11% 
    ep   299 | val=  5.87%
    ep   399 | val=  5.77%
    ep   499 | val=  5.73%
    ep   500 | data=6.069e-04 | err_max= 14.14% 
    ep   599 | val=  5.72%
    ep   699 | val=  5.72%
    ep   750 | data=6.018e-04 | err_max= 10.93% 
    ep   799 | val=  5.72%
    ep   899 | val=  5.73%
    ep   999 | val=  5.73%
    ep  1000 | data=6.010e-04 | err_max= 13.14% 
    ep  1099 | val=  5.74%
    ep  1199 | val=  5.74%
    ep  1250 | data=6.009e-04 | err_max= 16.98% 
    ep  1299 | val=  5.74%
    ep  1399 | val=  5.75%
    ep  1499 | data=6.009e-04 | err_max= 19.15% 
    ep  1499 | val=  5.75%

  RESULTADO e13_e1wb_n05: NRMSE_test=7.71% (I=8.83 E=6.60) R2df=-0.174 err_param=6.11% [51.6 min]
  -> results\escalado\e13_e1wb_n05.json
