=== escalado · e13_K400_n05 · K · act1_amp_n05 · W=100 · epochs=1500 ===
    ep     0 | data=9.579e-03 | err_max= 84.86% 
    ep    99 | val= 11.66%
    ep   199 | val=  8.18%
    ep   250 | data=9.750e-04 | err_max= 82.95% 
    ep   299 | val=  7.44%
    ep   399 | val=  7.27%
    ep   499 | val=  7.95%
    ep   500 | data=8.163e-04 | err_max= 91.30% 
    ep   599 | val=  7.22%
    ep   699 | val=  7.37%
    ep   750 | data=6.755e-04 | err_max= 93.81% 
    ep   799 | val=  7.44%
    ep   899 | val= 11.57%
    ep   999 | val=  8.17%
    ep  1000 | data=9.437e-04 | err_max= 96.08% 
    ep  1099 | val=  7.66%
    ep  1199 | val=  7.90%
    ep  1250 | data=7.916e-04 | err_max= 96.79% 
    ep  1299 | val=  7.76%
    ep  1399 | val=  8.53%
    ep  1499 | data=7.438e-04 | err_max= 96.56% 
    ep  1499 | val=  8.36%

  RESULTADO e13_K400_n05: NRMSE_test=10.50% (I=10.92 E=10.08) R2df=-0.303 err_param=35.96% [213.2 min]
  -> results\escalado\e13_K400_n05.json
