=== escalado · e13_lag_wrm_n05 · lag · act1_amp_n05 · W=100 · epochs=1500 ===
C:\Users\User\Desktop\wilson-cowan-id\src\neural_ode\memory.py:124: UserWarning: Converting a tensor with requires_grad=True to a scalar may lead to unexpected behavior.
Consider using tensor.detach() first. (Triggered internally at C:\actions-runner\_work\pytorch\pytorch\torch\csrc\autograd\generated\python_variable_methods.cpp:839.)
  alpha = float(torch.clamp(self.raw_alpha, 1e-3, 10.0))
    ep     0 | data=9.827e-04 | err_max= 95.87% tau=0.455 sat=12.500 alpha=0.080
    ep    99 | val=  5.95%
    ep   199 | val=  5.93%
    ep   250 | data=6.768e-04 | err_max= 97.99% tau=1.100 sat=1000.000 alpha=0.001
    ep   299 | val=  5.96%
    ep   399 | val=  5.96%
    ep   499 | val=  5.97%
    ep   500 | data=6.750e-04 | err_max= 98.06% tau=1.119 sat=1000.000 alpha=0.001
    ep   599 | val=  5.96%
    ep   699 | val=  5.97%
    ep   750 | data=6.750e-04 | err_max= 97.58% tau=1.120 sat=1000.000 alpha=0.001
    ep   799 | val=  5.96%
    ep   899 | val=  5.97%
    ep   999 | val=  5.98%
    ep  1000 | data=6.750e-04 | err_max= 96.71% tau=1.121 sat=1000.000 alpha=0.001
    ep  1099 | val=  5.97%
    ep  1199 | val=  5.97%
    ep  1250 | data=6.752e-04 | err_max= 95.48% tau=1.120 sat=1000.000 alpha=0.001
    ep  1299 | val=  5.97%
    ep  1399 | val=  5.97%
    ep  1499 | data=6.750e-04 | err_max= 94.24% tau=1.121 sat=1000.000 alpha=0.001
    ep  1499 | val=  5.97%

  RESULTADO e13_lag_wrm_n05: NRMSE_test=8.97% (I=9.94 E=8.00) R2df=0.949 err_param=19.48% [158.5 min]
  -> results\escalado\e13_lag_wrm_n05.json
