=== escalado · e13_e2B_wrm · B · act1_amp · W=100 · epochs=1500 ===
    ep     0 | data=4.287e-04 | err_max= 61.31% g_rms=0.0000 redund=nan
    ep    99 | val=  7.67%
    ep   199 | val=  7.48%
    ep   250 | data=4.045e-04 | err_max= 58.97% g_rms=0.0070 redund=nan
    ep   299 | val=  7.47%
    ep   399 | val=  7.48%
    ep   499 | val=  7.49%
    ep   500 | data=4.031e-04 | err_max= 55.33% g_rms=0.0076 redund=nan
    ep   599 | val=  7.49%
    ep   699 | val=  7.69%
    ep   750 | data=4.022e-04 | err_max= 53.83% g_rms=0.0078 redund=nan
    ep   799 | val=  7.48%
    ep   899 | val=  7.42%
    ep   999 | val=  7.45%
    ep  1000 | data=4.005e-04 | err_max= 54.90% g_rms=0.0083 redund=nan
    ep  1099 | val=  7.40%
    ep  1199 | val=  7.18%
    ep  1250 | data=3.991e-04 | err_max= 66.64% g_rms=0.0088 redund=nan
    ep  1299 | val=  7.37%
    ep  1399 | val=  7.35%
    ep  1499 | data=3.983e-04 | err_max= 75.70% g_rms=0.0091 redund=nan
    ep  1499 | val=  7.36%

  RESULTADO e13_e2B_wrm: NRMSE_test=10.05% (I=9.35 E=10.75) R2df=-0.105 err_param=29.00% [189.2 min]
  -> results\escalado\e13_e2B_wrm.json
