=== escalado · e13_K400f8_wrm_n01 · K · act1_amp_n01 · W=100 · epochs=1500 ===
    ep     0 | data=4.604e-04 | err_max= 59.91% 
    ep    99 | val=  6.39%
    ep   199 | val=  5.76%
    ep   250 | data=1.557e-04 | err_max= 57.79% 
    ep   299 | val=  4.97%
    ep   399 | val=  4.55%
    ep   499 | val=  4.47%
    ep   500 | data=8.505e-05 | err_max= 54.59% 
    ep   599 | val=  3.94%
    ep   699 | val=  4.18%
    ep   750 | data=5.808e-05 | err_max= 51.97% 
    ep   799 | val=  4.07%
    ep   899 | val=  4.32%
    ep   999 | val=  4.50%
    ep  1000 | data=6.282e-05 | err_max= 51.00% 
    ep  1099 | val=  4.72%
    ep  1199 | val=  3.87%
    ep  1250 | data=4.637e-05 | err_max= 50.77% 
    ep  1299 | val=  4.13%
    ep  1399 | val=  4.30%
    ep  1499 | data=4.154e-05 | err_max= 50.66% 
    ep  1499 | val=  3.86%

  RESULTADO e13_K400f8_wrm_n01: NRMSE_test=6.16% (I=6.92 E=5.39) R2df=-0.008 err_param=29.07% [235.9 min]
  -> results\escalado\e13_K400f8_wrm_n01.json
